Updated on Sun Jun 22 08:30:31 UTC 2025
Updated on Sun Jun 22 09:44:08 UTC 2025
Updated on Mon Jun 23 09:50:21 UTC 2025
Updated on Tue Jun 24 09:49:41 UTC 2025
Updated on Wed Jun 25 09:50:39 UTC 2025
Updated on Thu Jun 26 09:48:54 UTC 2025
Updated on Fri Jun 27 09:47:43 UTC 2025
Updated on Sat Jun 28 09:46:16 UTC 2025
Updated on Sun Jun 29 09:44:03 UTC 2025
Updated on Mon Jun 30 09:51:14 UTC 2025
Updated on Tue Jul  1 09:50:43 UTC 2025
Updated on Wed Jul  2 09:50:48 UTC 2025
Updated on Thu Jul  3 09:50:55 UTC 2025
Updated on Fri Jul  4 09:48:34 UTC 2025
Updated on Sat Jul  5 09:43:37 UTC 2025
Updated on Sun Jul  6 09:48:59 UTC 2025
Updated on Mon Jul  7 09:50:45 UTC 2025
Updated on Tue Jul  8 09:50:37 UTC 2025
Updated on Wed Jul  9 09:51:13 UTC 2025
Updated on Thu Jul 10 09:50:44 UTC 2025
Updated on Fri Jul 11 09:50:16 UTC 2025
Updated on Sat Jul 12 09:45:06 UTC 2025
Updated on Sun Jul 13 09:47:41 UTC 2025
Updated on Mon Jul 14 09:54:39 UTC 2025
Updated on Tue Jul 15 09:55:06 UTC 2025
Updated on Thu Jul 17 09:52:41 UTC 2025
Updated on Fri Jul 18 09:53:48 UTC 2025
Updated on Sat Jul 19 09:46:04 UTC 2025
Updated on Sun Jul 20 09:46:50 UTC 2025
Updated on Mon Jul 21 09:55:08 UTC 2025
Updated on Tue Jul 22 09:54:01 UTC 2025
Updated on Wed Jul 23 09:46:42 UTC 2025
Updated on Thu Jul 24 09:44:32 UTC 2025
Updated on Fri Jul 25 09:45:14 UTC 2025
Updated on Sat Jul 26 09:39:16 UTC 2025
Updated on Sun Jul 27 09:40:20 UTC 2025
Updated on Mon Jul 28 09:47:29 UTC 2025
Updated on Tue Jul 29 09:46:00 UTC 2025
Updated on Wed Jul 30 09:48:17 UTC 2025
Updated on Thu Jul 31 09:45:54 UTC 2025
Updated on Fri Aug  1 09:46:22 UTC 2025
Updated on Sat Aug  2 09:40:49 UTC 2025
Updated on Sun Aug  3 09:40:29 UTC 2025
Updated on Mon Aug  4 09:52:10 UTC 2025
Updated on Tue Aug  5 09:47:42 UTC 2025
Updated on Wed Aug  6 09:48:23 UTC 2025
Updated on Thu Aug  7 09:46:28 UTC 2025
Updated on Fri Aug  8 09:46:37 UTC 2025
Updated on Sat Aug  9 09:38:37 UTC 2025
Updated on Sun Aug 10 09:38:54 UTC 2025
Updated on Mon Aug 11 09:45:52 UTC 2025
Updated on Tue Aug 12 09:41:23 UTC 2025
Updated on Wed Aug 13 09:42:05 UTC 2025
Updated on Thu Aug 14 09:42:43 UTC 2025
Updated on Fri Aug 15 09:39:43 UTC 2025
Updated on Sat Aug 16 09:37:14 UTC 2025
Updated on Sun Aug 17 09:37:35 UTC 2025
Updated on Mon Aug 18 09:44:04 UTC 2025
Updated on Tue Aug 19 09:39:21 UTC 2025
Updated on Wed Aug 20 09:39:40 UTC 2025
Updated on Thu Aug 21 09:39:20 UTC 2025
Updated on Fri Aug 22 09:38:42 UTC 2025
Updated on Sat Aug 23 09:35:26 UTC 2025
Updated on Sun Aug 24 09:35:27 UTC 2025
Updated on Mon Aug 25 09:40:36 UTC 2025
Updated on Tue Aug 26 09:40:11 UTC 2025
Updated on Wed Aug 27 09:38:19 UTC 2025
Updated on Thu Aug 28 09:38:04 UTC 2025
Updated on Fri Aug 29 09:37:39 UTC 2025
Updated on Sat Aug 30 09:33:46 UTC 2025
Updated on Sun Aug 31 09:33:32 UTC 2025
Updated on Mon Sep  1 09:40:47 UTC 2025
Updated on Tue Sep  2 09:38:32 UTC 2025
Updated on Wed Sep  3 09:37:12 UTC 2025
Updated on Thu Sep  4 09:36:50 UTC 2025
Updated on Fri Sep  5 09:37:04 UTC 2025
Updated on Sat Sep  6 09:33:09 UTC 2025
Updated on Sun Sep  7 09:33:07 UTC 2025
Updated on Mon Sep  8 09:39:48 UTC 2025
Updated on Tue Sep  9 09:38:36 UTC 2025
Updated on Wed Sep 10 09:37:15 UTC 2025
Updated on Thu Sep 11 09:36:18 UTC 2025
Updated on Fri Sep 12 09:36:02 UTC 2025
Updated on Sat Sep 13 09:33:12 UTC 2025
Updated on Sun Sep 14 09:33:17 UTC 2025
Updated on Mon Sep 15 09:39:05 UTC 2025
Updated on Tue Sep 16 09:38:34 UTC 2025
Updated on Wed Sep 17 09:37:12 UTC 2025
Updated on Thu Sep 18 09:37:10 UTC 2025
Updated on Fri Sep 19 09:37:17 UTC 2025
Updated on Sat Sep 20 09:33:33 UTC 2025
Updated on Sun Sep 21 09:33:20 UTC 2025
Updated on Mon Sep 22 09:40:27 UTC 2025
Updated on Tue Sep 23 09:38:09 UTC 2025
Updated on Wed Sep 24 09:38:37 UTC 2025
Updated on Thu Sep 25 09:38:02 UTC 2025
Updated on Fri Sep 26 09:37:49 UTC 2025
Updated on Sat Sep 27 09:33:11 UTC 2025
Updated on Sun Sep 28 09:33:21 UTC 2025
Updated on Mon Sep 29 09:40:02 UTC 2025
Updated on Tue Sep 30 09:37:51 UTC 2025
Updated on Wed Oct  1 09:38:23 UTC 2025
Updated on Thu Oct  2 09:36:33 UTC 2025
Updated on Fri Oct  3 09:35:37 UTC 2025
Updated on Sat Oct  4 09:33:13 UTC 2025
Updated on Sun Oct  5 09:33:16 UTC 2025
Updated on Mon Oct  6 09:39:14 UTC 2025
Updated on Tue Oct  7 09:38:17 UTC 2025
Updated on Wed Oct  8 09:38:19 UTC 2025
Updated on Thu Oct  9 09:38:06 UTC 2025
Updated on Fri Oct 10 09:37:43 UTC 2025
Updated on Sat Oct 11 09:32:58 UTC 2025
Updated on Sun Oct 12 09:33:18 UTC 2025
Updated on Mon Oct 13 09:41:03 UTC 2025
Updated on Tue Oct 14 09:39:13 UTC 2025
Updated on Wed Oct 15 09:39:11 UTC 2025
Updated on Thu Oct 16 09:39:28 UTC 2025
Updated on Fri Oct 17 09:37:55 UTC 2025
Updated on Sat Oct 18 09:34:16 UTC 2025
Updated on Sun Oct 19 09:33:40 UTC 2025
Updated on Mon Oct 20 09:39:49 UTC 2025
Updated on Tue Oct 21 09:39:07 UTC 2025
Updated on Wed Oct 22 09:41:18 UTC 2025
Updated on Thu Oct 23 09:39:25 UTC 2025
Updated on Fri Oct 24 09:38:07 UTC 2025
Updated on Sat Oct 25 09:33:40 UTC 2025
Updated on Sun Oct 26 09:33:42 UTC 2025
Updated on Mon Oct 27 09:41:28 UTC 2025
Updated on Tue Oct 28 09:39:26 UTC 2025
Updated on Wed Oct 29 09:39:05 UTC 2025
Updated on Thu Oct 30 09:39:48 UTC 2025
Updated on Fri Oct 31 09:39:01 UTC 2025
Updated on Sat Nov  1 09:34:34 UTC 2025
Updated on Sun Nov  2 09:33:16 UTC 2025
Updated on Mon Nov  3 09:41:54 UTC 2025
Updated on Tue Nov  4 09:41:09 UTC 2025
Updated on Wed Nov  5 09:41:13 UTC 2025
Updated on Thu Nov  6 09:40:35 UTC 2025
Updated on Fri Nov  7 09:38:29 UTC 2025
Updated on Sat Nov  8 09:34:50 UTC 2025
Updated on Sun Nov  9 09:34:11 UTC 2025
Updated on Mon Nov 10 09:41:59 UTC 2025
Updated on Tue Nov 11 09:40:15 UTC 2025
Updated on Wed Nov 12 09:40:30 UTC 2025
Updated on Thu Nov 13 09:40:19 UTC 2025
Updated on Fri Nov 14 09:39:43 UTC 2025
Updated on Sat Nov 15 09:34:51 UTC 2025
Updated on Sun Nov 16 09:35:52 UTC 2025
Updated on Mon Nov 17 09:42:40 UTC 2025
Updated on Tue Nov 18 09:40:42 UTC 2025
Updated on Wed Nov 19 09:40:23 UTC 2025
Updated on Thu Nov 20 09:39:19 UTC 2025
Updated on Fri Nov 21 09:39:34 UTC 2025
Updated on Sat Nov 22 09:35:13 UTC 2025
Updated on Sun Nov 23 09:36:06 UTC 2025
Updated on Mon Nov 24 09:43:27 UTC 2025
Updated on Tue Nov 25 09:42:34 UTC 2025
Updated on Wed Nov 26 09:41:55 UTC 2025
Updated on Thu Nov 27 09:40:39 UTC 2025
Updated on Fri Nov 28 09:39:02 UTC 2025
Updated on Sat Nov 29 09:36:59 UTC 2025
Updated on Sun Nov 30 09:35:54 UTC 2025
Updated on Mon Dec  1 09:46:47 UTC 2025
Updated on Tue Dec  2 09:45:18 UTC 2025
Updated on Wed Dec  3 09:43:18 UTC 2025
Updated on Thu Dec  4 09:43:31 UTC 2025
Updated on Fri Dec  5 09:40:32 UTC 2025
Updated on Sat Dec  6 09:36:22 UTC 2025
Updated on Sun Dec  7 09:37:04 UTC 2025
Updated on Mon Dec  8 09:46:50 UTC 2025
Updated on Tue Dec  9 09:43:06 UTC 2025
Updated on Wed Dec 10 09:44:17 UTC 2025
Updated on Thu Dec 11 09:44:42 UTC 2025
Updated on Fri Dec 12 09:43:58 UTC 2025
Updated on Sat Dec 13 09:37:19 UTC 2025
Updated on Sun Dec 14 09:38:05 UTC 2025
Updated on Mon Dec 15 09:51:42 UTC 2025
Updated on Tue Dec 16 09:45:29 UTC 2025
Updated on Wed Dec 17 09:46:08 UTC 2025
Updated on Thu Dec 18 09:45:57 UTC 2025
Updated on Fri Dec 19 09:43:14 UTC 2025
Updated on Sat Dec 20 09:37:39 UTC 2025
Updated on Sun Dec 21 09:38:36 UTC 2025
Updated on Mon Dec 22 09:47:50 UTC 2025
Updated on Tue Dec 23 09:44:00 UTC 2025
Updated on Wed Dec 24 09:42:19 UTC 2025
Updated on Thu Dec 25 09:41:38 UTC 2025
Updated on Fri Dec 26 09:41:07 UTC 2025
Updated on Sat Dec 27 09:38:21 UTC 2025
Updated on Sun Dec 28 09:39:35 UTC 2025
Updated on Mon Dec 29 09:49:31 UTC 2025
Updated on Tue Dec 30 09:44:12 UTC 2025
Updated on Wed Dec 31 09:43:36 UTC 2025
Updated on Thu Jan  1 09:42:58 UTC 2026
Updated on Fri Jan  2 09:43:12 UTC 2026
Updated on Sat Jan  3 09:39:16 UTC 2026
Updated on Sun Jan  4 09:38:02 UTC 2026
Updated on Mon Jan  5 09:52:12 UTC 2026
Updated on Tue Jan  6 09:45:55 UTC 2026
Updated on Wed Jan  7 09:47:24 UTC 2026
Updated on Thu Jan  8 09:47:56 UTC 2026
Updated on Fri Jan  9 09:47:55 UTC 2026
Updated on Sat Jan 10 09:39:03 UTC 2026
Updated on Sun Jan 11 09:39:54 UTC 2026
Updated on Mon Jan 12 09:52:04 UTC 2026
Updated on Tue Jan 13 09:47:44 UTC 2026
Updated on Wed Jan 14 09:48:46 UTC 2026
Updated on Thu Jan 15 09:47:10 UTC 2026
Updated on Fri Jan 16 09:45:56 UTC 2026
Updated on Sat Jan 17 09:38:57 UTC 2026
Updated on Sun Jan 18 09:39:51 UTC 2026
Updated on Mon Jan 19 09:54:44 UTC 2026
Updated on Tue Jan 20 09:52:53 UTC 2026
Updated on Wed Jan 21 09:52:22 UTC 2026
Updated on Thu Jan 22 09:52:20 UTC 2026
Updated on Fri Jan 23 09:49:39 UTC 2026
Updated on Sat Jan 24 09:39:44 UTC 2026
Updated on Sun Jan 25 09:40:47 UTC 2026
Updated on Mon Jan 26 09:54:00 UTC 2026
Updated on Tue Jan 27 09:53:24 UTC 2026
Updated on Wed Jan 28 09:53:20 UTC 2026
Updated on Thu Jan 29 10:02:23 UTC 2026
Updated on Fri Jan 30 09:59:50 UTC 2026
Updated on Sat Jan 31 09:48:05 UTC 2026
Updated on Sun Feb  1 09:51:19 UTC 2026
Updated on Mon Feb  2 10:10:57 UTC 2026
Updated on Tue Feb  3 10:03:32 UTC 2026
Updated on Wed Feb  4 10:05:14 UTC 2026
Updated on Thu Feb  5 10:06:34 UTC 2026
Updated on Fri Feb  6 10:04:34 UTC 2026
Updated on Sat Feb  7 09:51:46 UTC 2026
Updated on Sun Feb  8 09:51:20 UTC 2026
Updated on Mon Feb  9 10:32:51 UTC 2026
Updated on Tue Feb 10 10:14:49 UTC 2026
Updated on Wed Feb 11 10:13:12 UTC 2026
Updated on Thu Feb 12 10:10:52 UTC 2026
Updated on Fri Feb 13 10:05:29 UTC 2026
Updated on Sat Feb 14 09:52:05 UTC 2026
Updated on Sun Feb 15 09:52:39 UTC 2026
Updated on Mon Feb 16 10:13:38 UTC 2026
Updated on Tue Feb 17 10:10:28 UTC 2026
Updated on Wed Feb 18 10:09:00 UTC 2026
Updated on Thu Feb 19 10:09:00 UTC 2026
Updated on Fri Feb 20 10:02:24 UTC 2026
Updated on Sat Feb 21 09:51:00 UTC 2026
Updated on Sun Feb 22 09:52:07 UTC 2026
Updated on Mon Feb 23 10:14:32 UTC 2026
Updated on Tue Feb 24 10:11:58 UTC 2026
Updated on Wed Feb 25 10:14:16 UTC 2026
Updated on Thu Feb 26 10:10:28 UTC 2026
Updated on Fri Feb 27 10:03:13 UTC 2026
Updated on Sat Feb 28 09:44:58 UTC 2026
Updated on Sun Mar  1 09:49:29 UTC 2026
Updated on Mon Mar  2 10:10:01 UTC 2026
Updated on Tue Mar  3 10:03:33 UTC 2026
Updated on Wed Mar  4 10:01:33 UTC 2026
Updated on Thu Mar  5 10:05:35 UTC 2026
Updated on Fri Mar  6 09:59:48 UTC 2026
Updated on Sat Mar  7 09:48:29 UTC 2026
Updated on Sun Mar  8 09:49:55 UTC 2026
Updated on Mon Mar  9 10:10:20 UTC 2026
Updated on Tue Mar 10 10:04:08 UTC 2026
Updated on Wed Mar 11 10:04:25 UTC 2026
Updated on Thu Mar 12 10:03:44 UTC 2026
Updated on Fri Mar 13 09:59:58 UTC 2026
Updated on Sat Mar 14 09:54:01 UTC 2026
Updated on Sun Mar 15 09:54:22 UTC 2026
Updated on Mon Mar 16 10:33:54 UTC 2026
Updated on Tue Mar 17 10:11:20 UTC 2026
Updated on Wed Mar 18 10:14:05 UTC 2026
Updated on Thu Mar 19 10:04:25 UTC 2026
Updated on Fri Mar 20 10:01:50 UTC 2026
Updated on Sat Mar 21 09:51:42 UTC 2026
Updated on Sun Mar 22 09:52:55 UTC 2026
Updated on Mon Mar 23 10:30:22 UTC 2026
Updated on Tue Mar 24 10:11:42 UTC 2026
Updated on Wed Mar 25 10:11:46 UTC 2026
Updated on Thu Mar 26 10:28:26 UTC 2026
Updated on Fri Mar 27 10:09:07 UTC 2026
Updated on Sat Mar 28 09:57:21 UTC 2026
Updated on Sun Mar 29 09:58:51 UTC 2026
Updated on Mon Mar 30 10:42:27 UTC 2026
Updated on Tue Mar 31 10:31:43 UTC 2026
Updated on Wed Apr  1 10:32:15 UTC 2026
Updated on Thu Apr  2 10:28:16 UTC 2026
Updated on Fri Apr  3 10:06:38 UTC 2026
Updated on Sat Apr  4 09:59:06 UTC 2026
Updated on Sun Apr  5 10:00:35 UTC 2026
Updated on Mon Apr  6 10:35:52 UTC 2026
Updated on Tue Apr  7 10:31:41 UTC 2026
Updated on Wed Apr  8 10:33:31 UTC 2026
Updated on Thu Apr  9 10:38:06 UTC 2026
Updated on Fri Apr 10 10:31:57 UTC 2026
Updated on Sat Apr 11 10:01:31 UTC 2026
Updated on Sun Apr 12 10:04:30 UTC 2026
Updated on Mon Apr 13 10:59:09 UTC 2026
Updated on Tue Apr 14 10:42:37 UTC 2026
Updated on Wed Apr 15 10:39:59 UTC 2026
Updated on Thu Apr 16 10:42:16 UTC 2026
Updated on Fri Apr 17 10:36:09 UTC 2026
Updated on Sat Apr 18 10:04:54 UTC 2026
Updated on Sun Apr 19 10:04:54 UTC 2026
Updated on Mon Apr 20 11:01:00 UTC 2026
Updated on Tue Apr 21 10:47:53 UTC 2026
Updated on Wed Apr 22 10:44:50 UTC 2026
Updated on Thu Apr 23 10:51:19 UTC 2026
Updated on Fri Apr 24 10:48:32 UTC 2026
Updated on Sat Apr 25 10:09:43 UTC 2026
Updated on Sun Apr 26 10:10:35 UTC 2026
Updated on Mon Apr 27 11:20:55 UTC 2026
Updated on Tue Apr 28 11:19:40 UTC 2026
Updated on Wed Apr 29 11:12:11 UTC 2026
Updated on Thu Apr 30 11:11:43 UTC 2026
Updated on Fri May  1 10:50:05 UTC 2026
Updated on Sat May  2 10:26:30 UTC 2026
Updated on Sun May  3 10:29:12 UTC 2026
Updated on Mon May  4 11:20:04 UTC 2026
Updated on Tue May  5 10:57:44 UTC 2026
Updated on Wed May  6 11:23:29 UTC 2026
Updated on Thu May  7 11:24:03 UTC 2026
Updated on Fri May  8 10:52:05 UTC 2026
Updated on Sat May  9 10:30:08 UTC 2026
Updated on Sun May 10 10:43:05 UTC 2026
Updated on Mon May 11 12:25:46 UTC 2026
Updated on Tue May 12 11:28:45 UTC 2026
Updated on Wed May 13 11:38:03 UTC 2026
Updated on Thu May 14 11:24:26 UTC 2026
Updated on Fri May 15 11:31:57 UTC 2026
Updated on Sat May 16 10:42:49 UTC 2026
Updated on Sun May 17 10:46:54 UTC 2026
Updated on Mon May 18 12:49:26 UTC 2026
Updated on Tue May 19 12:22:54 UTC 2026
Updated on Wed May 20 12:05:21 UTC 2026
Updated on Thu May 21 12:28:22 UTC 2026
Updated on Fri May 22 12:02:22 UTC 2026
Updated on Sat May 23 10:48:46 UTC 2026
Updated on Sun May 24 10:51:58 UTC 2026
Updated on Mon May 25 12:46:46 UTC 2026
Updated on Wed May 27 12:38:57 UTC 2026
Updated on Thu May 28 12:46:45 UTC 2026
Updated on Fri May 29 12:29:02 UTC 2026
Updated on Sat May 30 10:54:41 UTC 2026
Updated on Sun May 31 11:12:42 UTC 2026
Updated on Mon Jun  1 15:39:37 UTC 2026
Updated on Tue Jun  2 12:54:00 UTC 2026
Updated on Wed Jun  3 14:10:43 UTC 2026
Updated on Thu Jun  4 12:24:56 UTC 2026
Updated on Fri Jun  5 12:21:16 UTC 2026
Updated on Sat Jun  6 11:01:18 UTC 2026
Updated on Sun Jun  7 11:17:53 UTC 2026
Updated on Mon Jun  8 13:48:18 UTC 2026
Updated on Tue Jun  9 12:19:41 UTC 2026
Updated on Wed Jun 10 12:41:02 UTC 2026
Updated on Thu Jun 11 12:58:11 UTC 2026
Updated on Fri Jun 12 12:39:59 UTC 2026
Updated on Sat Jun 13 11:26:23 UTC 2026
Updated on Sun Jun 14 11:37:51 UTC 2026
Updated on Mon Jun 15 15:25:20 UTC 2026
Updated on Tue Jun 16 14:27:49 UTC 2026
Updated on Wed Jun 17 12:58:38 UTC 2026
Updated on Thu Jun 18 12:34:39 UTC 2026
Updated on Fri Jun 19 12:56:24 UTC 2026
Updated on Sat Jun 20 11:28:13 UTC 2026
Updated on Sun Jun 21 11:58:02 UTC 2026
Updated on Mon Jun 22 15:02:10 UTC 2026
Updated on Tue Jun 23 12:18:18 UTC 2026
Updated on Wed Jun 24 12:03:39 UTC 2026
Updated on Thu Jun 25 11:59:23 UTC 2026
Updated on Fri Jun 26 11:57:19 UTC 2026
Updated on Sat Jun 27 11:08:43 UTC 2026
Updated on Sun Jun 28 11:17:57 UTC 2026
Updated on Mon Jun 29 13:48:45 UTC 2026
Updated on Tue Jun 30 11:56:42 UTC 2026
Updated on Wed Jul  1 12:18:32 UTC 2026
Updated on Thu Jul  2 11:44:30 UTC 2026
Updated on Fri Jul  3 11:42:59 UTC 2026
Updated on Sat Jul  4 11:03:52 UTC 2026
Updated on Sun Jul  5 11:15:15 UTC 2026
Updated on Mon Jul  6 13:01:45 UTC 2026
Updated on Tue Jul  7 12:13:10 UTC 2026
Updated on Wed Jul  8 11:20:19 UTC 2026
Updated on Thu Jul  9 12:18:02 UTC 2026
Updated on Fri Jul 10 12:11:24 UTC 2026
Updated on Sat Jul 11 10:38:56 UTC 2026
Updated on Sun Jul 12 10:50:05 UTC 2026
Updated on Mon Jul 13 12:18:17 UTC 2026
Updated on Tue Jul 14 11:01:55 UTC 2026
Updated on Wed Jul 15 11:06:08 UTC 2026
Updated on Thu Jul 16 11:14:57 UTC 2026
Updated on Fri Jul 17 11:02:22 UTC 2026
Updated on Sat Jul 18 10:44:18 UTC 2026
Updated on Sun Jul 19 10:49:34 UTC 2026
Updated on Mon Jul 20 11:59:44 UTC 2026
Updated on Tue Jul 21 11:21:07 UTC 2026
Updated on Wed Jul 22 11:23:24 UTC 2026
Updated on Thu Jul 23 11:22:03 UTC 2026
Updated on Fri Jul 24 11:15:00 UTC 2026
Updated on Sat Jul 25 10:49:55 UTC 2026
Updated on Sun Jul 26 10:56:40 UTC 2026
Updated on Mon Jul 27 12:40:22 UTC 2026
Updated on Tue Jul 28 11:32:09 UTC 2026
Updated on Wed Jul 29 11:37:05 UTC 2026
Updated on Thu Jul 30 11:26:39 UTC 2026
Updated on Fri Jul 31 11:36:36 UTC 2026
Updated on Sat Aug  1 10:54:09 UTC 2026
Updated on Sun Aug  2 10:55:55 UTC 2026
Updated on Mon Aug  3 12:40:40 UTC 2026
Updated on Tue Aug  4 11:36:27 UTC 2026
Updated on Wed Aug  5 11:34:44 UTC 2026
Updated on Thu Aug  6 11:38:08 UTC 2026
Updated on Fri Aug  7 10:23:17 UTC 2026
Updated on Sat Aug  8 10:00:33 UTC 2026
Updated on Sun Aug  9 10:02:14 UTC 2026
Updated on Mon Aug 10 10:40:53 UTC 2026
Updated on Tue Aug 11 10:22:04 UTC 2026
Updated on Thu Aug 13 10:33:28 UTC 2026
Updated on Fri Aug 14 10:30:00 UTC 2026
Updated on Sat Aug 15 09:47:07 UTC 2026
Updated on Sun Aug 16 09:48:47 UTC 2026
Updated on Mon Aug 17 10:02:37 UTC 2026
Updated on Tue Aug 18 09:55:35 UTC 2026
Updated on Wed Aug 19 09:55:41 UTC 2026
Updated on Thu Aug 20 09:56:58 UTC 2026
Updated on Fri Aug 21 09:57:55 UTC 2026
Updated on Sat Aug 22 09:48:28 UTC 2026
Updated on Sun Aug 23 09:49:30 UTC 2026
Updated on Mon Aug 24 10:08:25 UTC 2026
Updated on Tue Aug 25 09:58:09 UTC 2026
Updated on Wed Aug 26 10:03:21 UTC 2026
Updated on Thu Aug 27 19:54:01 UTC 2026
Updated on Fri Aug 28 20:57:11 UTC 2026
Updated on Sat Aug 29 14:35:52 UTC 2026
Updated on Sun Aug 30 14:27:45 UTC 2026
Updated on Mon Aug 31 17:08:10 UTC 2026
Updated on Tue Sep  1 14:12:45 UTC 2026
Updated on Wed Sep  2 13:45:09 UTC 2026
Updated on Thu Sep  3 13:41:02 UTC 2026
Updated on Fri Sep  4 13:37:49 UTC 2026
Updated on Sat Sep  5 12:52:33 UTC 2026
Updated on Sun Sep  6 12:59:27 UTC 2026
Updated on Mon Sep  7 15:07:30 UTC 2026
Updated on Tue Sep  8 13:43:53 UTC 2026
Updated on Wed Sep  9 13:47:51 UTC 2026
